// Vitest Snapshot v1, https://vitest.dev/guide/snapshot.html

exports[`ImpersonateView > init 1`] = `
"<div data-v-66d859e8=\\"\\" class=\\"v-container v-locale--is-ltr\\">
  <div data-v-66d859e8=\\"\\" class=\\"v-row justify-center\\">
    <div data-v-66d859e8=\\"\\" class=\\"pa-10 text-h4\\">Welcome UT User</div>
  </div>
  <div data-v-66d859e8=\\"\\" class=\\"v-row\\">
    <form data-v-66d859e8=\\"\\" class=\\"v-form\\" novalidate=\\"\\">
      <div data-v-66d859e8=\\"\\" class=\\"v-card v-theme--light v-card--density-default v-card--variant-elevated impersonate-card\\">
        <!---->
        <div class=\\"v-card__loader\\">
          <div class=\\"v-progress-linear v-theme--light v-locale--is-ltr\\" style=\\"top: 0px; height: 0px; --v-progress-linear-height: 2px; left: 50%; transform: translateX(-50%);\\" role=\\"progressbar\\" aria-hidden=\\"true\\" aria-valuemin=\\"0\\" aria-valuemax=\\"100\\">
            <!---->
            <div class=\\"v-progress-linear__background\\" style=\\"width: 100%;\\"></div>
            <transition-stub name=\\"fade-transition\\" appear=\\"false\\" persisted=\\"false\\" css=\\"true\\">
              <div class=\\"v-progress-linear__indeterminate\\">
                <div class=\\"v-progress-linear__indeterminate long\\"></div>
                <div class=\\"v-progress-linear__indeterminate short\\"></div>
              </div>
            </transition-stub>
            <!---->
          </div>
        </div>
        <!---->
        <!---->
        <div data-v-66d859e8=\\"\\" class=\\"v-row\\">
          <div data-v-66d859e8=\\"\\" class=\\"v-col\\">
            <div data-v-66d859e8=\\"\\" class=\\"v-input v-input--horizontal v-input--center-affix v-input--density-default v-locale--is-ltr v-text-field\\">
              <!---->
              <div class=\\"v-input__control\\">
                <div class=\\"v-field v-field--center-affix v-field--variant-filled v-theme--light v-locale--is-ltr\\">
                  <div class=\\"v-field__overlay\\"></div>
                  <div class=\\"v-field__loader\\">
                    <div class=\\"v-progress-linear v-theme--light v-locale--is-ltr\\" style=\\"top: 0px; height: 0px; --v-progress-linear-height: 2px; left: 50%; transform: translateX(-50%);\\" role=\\"progressbar\\" aria-hidden=\\"true\\" aria-valuemin=\\"0\\" aria-valuemax=\\"100\\">
                      <!---->
                      <div class=\\"v-progress-linear__background\\" style=\\"width: 100%;\\"></div>
                      <transition-stub name=\\"fade-transition\\" appear=\\"false\\" persisted=\\"false\\" css=\\"true\\">
                        <div class=\\"v-progress-linear__indeterminate\\">
                          <div class=\\"v-progress-linear__indeterminate long\\"></div>
                          <div class=\\"v-progress-linear__indeterminate short\\"></div>
                        </div>
                      </transition-stub>
                      <!---->
                    </div>
                  </div>
                  <!---->
                  <div class=\\"v-field__field\\" data-no-activator=\\"\\"><label class=\\"v-label v-field-label v-field-label--floating\\" aria-hidden=\\"true\\" for=\\"businessBCeId-field\\">
                      <!---->Business BCeID
                    </label><label class=\\"v-label v-field-label\\" for=\\"businessBCeId-field\\">
                      <!---->Business BCeID
                    </label>
                    <!----><input size=\\"1\\" type=\\"text\\" id=\\"businessBCeId-field\\" aria-describedby=\\"businessBCeId-field-messages\\" outlined=\\"\\" required=\\"\\" class=\\"v-field__input\\">
                    <!---->
                  </div>
                  <!---->
                  <!---->
                  <div class=\\"v-field__outline\\">
                    <!---->
                    <!---->
                  </div>
                </div>
              </div>
              <!---->
              <div class=\\"v-input__details\\">
                <transition-group-stub name=\\"slide-y-transition\\" tag=\\"div\\" appear=\\"false\\" persisted=\\"false\\" css=\\"true\\" class=\\"v-messages\\" role=\\"alert\\" aria-live=\\"polite\\" id=\\"businessBCeId-field-messages\\">
                  <!---->
                </transition-group-stub>
                <!---->
              </div>
            </div>
          </div>
          <div data-v-66d859e8=\\"\\" class=\\"v-col v-col-4\\"><button data-v-66d859e8=\\"\\" type=\\"button\\" class=\\"v-btn v-btn--disabled v-theme--light v-btn--density-default v-btn--size-default v-btn--variant-elevated\\" disabled=\\"\\" id=\\"bceid-search\\"><span class=\\"v-btn__overlay\\"></span><span class=\\"v-btn__underlay\\"></span>
              <!----><span class=\\"v-btn__content\\" data-no-activator=\\"\\">Search</span>
              <!---->
              <!---->
            </button></div>
        </div>
        <!---->
        <!----><span class=\\"v-card__underlay\\"></span>
      </div>
    </form>
  </div>
</div>"
`;
